---
source: src/codemod.rs
description: "import { useActionData, useLoaderData } from \"@remix-run/react\";\n\nexport function loader() {\n  return { loader: \"hello\" };\n}\n\nexport function action() {\n  return { action: \"world\" };\n}\n\nexport default function() {\n  const loaderData = useLoaderData<typeof loader>();\n  const actionData = useActionData<typeof action>();\n  return <h1>{loaderData.loader} {actionData.action}</h1>;\n}\n"
expression: "codemod(&input, source_type).unwrap()"
---
import { useActionData, useLoaderData } from "@remix-run/react";




export default defineRoute({
  serverLoader() {
    return { loader: "hello" };
  },
  serverAction() {
    return { action: "world" };
  },
  Component({ loaderData, actionData }) {
    return <h1>{loaderData.loader} {actionData.action}</h1>;
  },
});
